soak-c  arrangement C (revision 4.1)  start 20260709T005552Z  duration 1200s
expect RSP 1809063632 · airband RTL 83241970 · ground RTL 61108285

preflight: confirm the RSP (serial 1809063632)
  [soapy]       — skipping (not required)
  [usb]        system_profiler: sdrplay_present=False serials=(none exposed)
  [sdrtrunk]   discovered SER# in logs: ['1809063632', '1809063632', '1809063632', '1809063632', '1809063632', '1809063632', '1809063632', '1809063632', '1809063632', '1809063632', '1809063632', '1809063632', '1809063632', '1809063632', '1809063632', '1809063632', '1809063632', '1809063632', '1809063632', '1809063632', '1809063632', '1809063632', '1809063632', '1809063632', '1809063632', '1809063632', '1809063632', '1809063632', '1809063632', '1809063632', '1809063632', '1809063632', '1809063632', '1809063632', '1809063632', '1809063632', '1809063632', '1809063632', '1809063632', '1809063632', '1809063632', '1809063632', '1809063632', '1809063632', '1809063632', '1809063632', '1809063632', '1809063632', '1809063632', '1809063632', '1809063632', '1809063632', '1809063632', '1809063632', '1809063632', '1809063632', '1809063632', '1809063632', '1809063632', '1809063632', '1809063632', '1809063632', '1809063632', '1809063632', '1809063632', '1809063632', '1809063632', '1809063632', '1809063632', '1809063632', '1809063632', '1809063632', '1809063632', '1809063632', '1809063632', '1809063632', '1809063632', '1809063632', '1809063632', '1809063632', '1809063632', '1809063632', '1809063632', '1809063632', '1809063632', '1809063632', '1809063632', '1809063632', '1809063632', '1809063632', '1809063632', '1809063632', '1809063632', '1809063632', '1809063632', '1809063632', '1809063632', '1809063632', '1809063632', '1809063632', '1809063632', '1809063632', '1809063632', '1809063632', '1809063632', '1809063632', '1809063632', '1809063632', '1809063632', '1809063632', '1809063632', '1809063632', '1809063632', '1809063632', '1809063632', '1809063632', '1809063632', '1809063632', '1809063632', '1809063632', '1809063632', '1809063632', '1809063632', '1809063632', '1809063632', '1809063632', '1809063632', '1809063632', '1809063632', '1809063632', '1809063632', '1809063632', '1809063632', '1809063632', '1809063632', '1809063632', '1809063632', '1809063632', '1809063632', '1809063632', '1809063632', '1809063632', '1809063632', '1809063632', '1809063632', '1809063632', '1809063632', '1809063632', '1809063632', '1809063632', '1809063632', '1809063632', '1809063632', '1809063632', '1809063632', '1809063632', '1809063632', '1809063632', '1809063632', '1809063632', '1809063632', '1809063632', '1809063632', '1809063632', '1809063632', '1809063632', '1809063632', '1809063632', '1809063632', '1809063632', '1809063632', '1809063632', '1809063632', '1809063632', '1809063632', '1809063632', '1809063632', '1809063632', '1809063632', '1809063632', '1809063632', '1809063632', '1809063632', '1809063632', '180903EF32', '180903EF32', '180903EF32', '1809063632', '1809063632', '1809063632', '180903EF32', '1809063632', '1809063632', '1809063632', '1809063632', '1809063632', '1809063632', '1809063632', '1809063632', '1809063632', '1809063632', '1809063632', '1809063632', '1809063632', '1809063632', '1809063632', '1809063632', '1809063632', '1809063632', '1809063632', '1809063632', '1809063632', '1809063632', '1809063632', '1809063632', '1809063632', '1809063632', '1809063632', '1809063632', '1809063632', '1809063632', '1809063632', '1809063632', '1809063632', '1809063632', '1809063632', '1809063632', '1809063632', '1809063632', '1809063632', '1809063632', '1809063632', '1809063632', '180903EF32', '1809063632', '1809063632', '1809063632', '1809063632', '1809063632', '1809063632', '1809063632', '1809063632', '1809063632', '1809063632', '1809063632', '1809063632', '1809063632', '1809063632', '1809063632', '1809063632', '1809063632', '1809063632', '1809063632', '1809063632', '1809063632', '1809063632', '1809063632', '1809063632', '1809063632', '1809063632', '1809063632', '1809063632', '1809063632', '1809063632', '1809063632', '1809063632', '1809063632', '1809063632', '1809063632', '1809063632', '180903EF32', '1809063632', '1809063632', '1809063632', '1809063632', '1809063632', '1809063632', '1809063632', '1809063632', '1809063632', '1809063632', '1809063632', '1809063632', '180903EF32', '1809063632', '1809063632', '1809063632', '1809063632', '1809063632', '1809063632', '1809063632', '1809063632', '1809063632', '1809063632', '1809063632', '1809063632', '1809063632', '1809063632', '1809063632', '1809063632', '1809063632', '1809063632', '1809063632', '1809063632', '1809063632', '1809063632', '1809063632', '1809063632', '1809063632', '1809063632', '1809063632', '1809063632', '1809063632', '1809063632', '1809063632', '1809063632', '1809063632', '1809063632', '1809063632', '1809063632', '1809063632', '1809063632', '1809063632', '1809063632', '1809063632', '180903EF32', '1809063632', '1809063632', '1809063632', '1809063632', '1809063632', '1809063632', '1809063632', '1809063632', '1809063632', '1809063632', '1809063632', '1809063632', '1809063632', '1809063632', '1809063632', '1809063632', '1809063632', '1809063632', '1809063632', '1809063632', '1809063632', '1809063632', '1809063632', '1809063632', '1809063632', '1809063632', '1809063632', '1809063632', '1809063632', '1809063632', '1809063632', '1809063632', '1809063632', '1809063632', '1809063632', '1809063632', '1809063632', '1809063632', '1809063632', '1809063632', '1809063632', '1809063632', '1809063632', '1809063632', '1809063632', '1809063632', '1809063632', '1809063632', '1809063632', '1809063632', '1809063632', '1809063632', '1809063632', '1809063632', '1809063632', '1809063632', '1809063632', '1809063632', '1809063632', '1809063632', '1809063632', '1809063632', '1809063632', '1809063632', '1809063632', '1809063632', '1809063632', '1809063632', '1809063632', '1809063632', '1809063632', '1809063632', '1809063632', '1809063632', '1809063632', '1809063632', '1809063632', '1809063632', '1809063632', '1809063632', '1809063632', '1809063632', '1809063632', '1809063632', '1809063632', '1809063632', '1809063632', '1809063632', '1809063632', '1809063632', '1809063632', '1809063632', '1809063632', '1809063632', '1809063632', '1809063632', '1809063632', '1809063632', '1809063632', '1809063632', '1809063632', '1809063632', '1809063632', '1809063632', '1809063632', '1809063632', '1809063632', '1809063632', '1809063632', '1809063632', '1809063632', '1809063632', '1809063632', '1809063632', '1809063632', '1809063632', '1809063632', '1809063632', '1809063632', '1809063632', '1809063632', '1809063632', '1809063632', '1809063632', '1809063632', '1809063632', '1809063632', '1809063632', '1809063632', '1809063632', '1809063632', '1809063632', '1809063632', '1809063632', '1809063632', '1809063632', '1809063632', '1809063632', '1809063632', '1809063632', '1809063632', '1809063632', '1809063632', '1809063632', '1809063632', '1809063632', '1809063632', '1809063632', '1809063632', '1809063632', '1809063632', '1809063632', '1809063632', '1809063632', '1809063632', '1809063632', '1809063632', '1809063632', '1809063632', '1809063632', '1809063632', '1809063632', '1809063632', '1809063632', '1809063632', '1809063632', '1809063632', '1809063632', '1809063632', '1809063632', '1809063632', '1809063632', '1809063632', '1809063632', '1809063632', '1809063632', '1809063632', '1809063632', '1809063632', '1809063632', '1809063632', '1809063632', '1809063632', '1809063632', '1809063632', '1809063632', '1809063632', '1809063632', '1809063632', '1809063632', '1809063632', '1809063632', '1809063632', '1809063632', '1809063632', '1809063632', '1809063632', '1809063632', '1809063632', '1809063632', '1809063632', '1809063632', '1809063632', '1809063632', '1809063632', '1809063632', '1809063632', '1809063632', '1809063632', '1809063632', '1809063632', '1809063632', '1809063632', '1809063632', '1809063632', '1809063632', '1809063632', '1809063632', '1809063632', '1809063632', '1809063632', '1809063632', '1809063632', '1809063632', '1809063632', '1809063632', '1809063632', '1809063632', '1809063632', '1809063632', '1809063632', '1809063632', '1809063632', '1809063632', '1809063632', '1809063632', '1809063632', '1809063632', '1809063632', '1809063632', '1809063632', '1809063632', '1809063632', '1809063632', '1809063632', '1809063632', '1809063632', '1809063632', '1809063632', '1809063632', '1809063632', '1809063632', '1809063632', '1809063632', '1809063632', '1809063632', '1809063632', '1809063632', '1809063632', '1809063632', '1809063632', '1809063632', '1809063632', '1809063632', '1809063632', '1809063632', '1809063632', '1809063632', '1809063632', '1809063632', '1809063632', '1809063632', '1809063632', '1809063632', '1809063632', '1809063632', '1809063632', '1809063632', '1809063632', '1809063632', '1809063632', '1809063632', '1809063632', '1809063632', '1809063632', '1809063632', '1809063632', '1809063632', '1809063632', '1809063632', '1809063632', '1809063632', '1809063632', '1809063632', '1809063632', '1809063632', '1809063632', '1809063632', '1809063632', '1809063632', '1809063632', '1809063632', '1809063632', '1809063632', '1809063632', '1809063632', '1809063632', '1809063632', '1809063632', '1809063632', '1809063632', '1809063632', '1809063632', '1809063632', '1809063632', '1809063632', '1809063632', '1809063632', '1809063632', '1809063632', '1809063632', '1809063632', '1809063632', '1809063632', '1809063632', '1809063632', '1809063632', '1809063632', '1809063632', '1809063632', '1809063632', '1809063632', '1809063632', '1809063632', '1809063632', '1809063632', '1809063632', '1809063632', '1809063632', '1809063632', '1809063632', '1809063632', '1809063632', '1809063632', '1809063632', '1809063632', '1809063632', '1809063632', '1809063632', '1809063632', '1809063632', '1809063632', '1809063632', '1809063632', '1809063632', '1809063632', '1809063632', '1809063632', '1809063632', '1809063632', '1809063632', '1809063632', '1809063632', '1809063632', '1809063632', '1809063632', '1809063632', '1809063632', '1809063632', '1809063632', '1809063632', '1809063632', '1809063632', '1809063632', '1809063632', '1809063632', '1809063632', '1809063632', '1809063632', '1809063632', '1809063632', '1809063632', '1809063632', '1809063632', '1809063632', '1809063632', '1809063632', '1809063632', '1809063632', '1809063632', '1809063632', '1809063632', '1809063632', '1809063632', '1809063632', '1809063632', '1809063632', '1809063632', '1809063632', '1809063632', '1809063632', '1809063632', '1809063632', '1809063632', '1809063632', '1809063632', '1809063632', '1809063632', '1809063632', '1809063632', '1809063632', '1809063632', '1809063632', '1809063632', '1809063632', '1809063632', '1809063632', '1809063632', '1809063632', '1809063632', '1809063632', '1809063632', '1809063632', '1809063632', '1809063632', '1809063632', '1809063632', '1809063632', '1809063632', '1809063632', '1809063632', '1809063632', '1809063632', '1809063632', '1809063632', '1809063632', '1809063632', '1809063632', '1809063632', '1809063632', '1809063632', '180903EF32', '180903EF32', '1809063632', '1809063632', '1809063632', '1809063632', '1809063632', '180903EF32', '180903EF32', '180903EF32', '180903EF32', '180903EF32', '1809063632', '1809063632', '180903EF32', '180903EF32', '1809063632', '1809063632', '1809063632', '1809063632', '1809063632', '180903EF32', '180903EF32', '180903EF32', '180903EF32', '180903EF32', '180903EF32', '180903EF32']
  [apiservice] sdrplay_apiService running: True
  WARNING: a SECOND SDRplay serial appeared ['180903EF32'] — two RSPs on one host is toxic. Confirm only 1809063632 is attached before trusting this soak.
  OK: RSP 1809063632 confirmed via SDRTrunk logs.

bringing up scanner mode via sdr-killswitch
  scanner — bringing the scannerproject stack + sb5 up
    ✓ quit SDRangel
    · desktop SDRTrunk not running
    draining 6s for the apiService to release…
    · com.scannerproject.caffeinate already loaded
    
    sb5 UI: http://localhost:5050/sb5  (UI_PORT from scannerproject.env; or the box's Tailscale name)
    check decode: 'sdr-killswitch status'
warmup 45s for mounts + decoders to settle…

sampling… (Ctrl-C to stop early and still get a verdict)
  t+   0s  leases={}  decode=229  load=2.81  mounts_live=[]
  t+  30s  leases={}  decode=229  load=3.65  mounts_live=[]
  t+  60s  leases={}  decode=229  load=3.66  mounts_live=[]
  t+  90s  leases={}  decode=229  load=3.05  mounts_live=[]
  t+ 120s  leases={}  decode=229  load=3.17  mounts_live=[]
  t+ 151s  leases={}  decode=229  load=2.72  mounts_live=[]
  t+ 181s  leases={}  decode=229  load=2.56  mounts_live=[]
  t+ 211s  leases={}  decode=229  load=2.48  mounts_live=[]
  t+ 241s  leases={}  decode=229  load=3.02  mounts_live=[]
  t+ 271s  leases={}  decode=229  load=2.6  mounts_live=[]
  t+ 301s  leases={}  decode=229  load=2.31  mounts_live=[]
  t+ 332s  leases={}  decode=229  load=2.11  mounts_live=[]
  t+ 362s  leases={}  decode=229  load=1.66  mounts_live=[]
  t+ 392s  leases={}  decode=229  load=2.02  mounts_live=[]
  t+ 422s  leases={}  decode=229  load=1.69  mounts_live=[]
  t+ 452s  leases={}  decode=229  load=1.77  mounts_live=[]
  t+ 482s  leases={}  decode=229  load=1.61  mounts_live=[]
  t+ 513s  leases={}  decode=229  load=1.52  mounts_live=[]
  t+ 543s  leases={}  decode=229  load=1.44  mounts_live=[]

  interrupted — producing verdict from samples so far

==================== SOAK VERDICT ====================
  DIGITAL   FAIL
            evidence: decode_total=229 early=229 late=229 lease_drops=0 0x6bed=0 apisvc_err=0 dig_mount_miss=19
            - broker never showed a lease on RSP 1809063632
            - /DIGITAL.mp3 missing in 19/19 samples
            - RSP lease absent in 19/19 samples
            - decode activity present but not clearly growing in the second half — confirm it's still locked
  AIRBAND   FAIL
            evidence: lease_drops=0 mount_miss=19 audio_classes=['unknown', 'unknown', 'unknown', 'unknown', 'unknown'] mean_dbfs_avg=None
            - broker never showed a lease on RTL 83241970
            - /ANALOG.mp3 missing in 19/19 samples
            - chirp metrics unavailable (9101) — mount liveness judged from icecast + audio only
  GROUND    FAIL
            evidence: lease_drops=0 mount_miss=19 audio_classes=['unknown', 'unknown', 'unknown', 'unknown', 'unknown'] mean_dbfs_avg=None
            - broker never showed a lease on RTL 61108285
            - /ANALOG_GROUND.mp3 missing in 19/19 samples
            - chirp metrics unavailable (9102) — mount liveness judged from icecast + audio only
  GENERAL   PASS
            evidence: respawns=0 bad_exits=0 broker_denied=0 throttled=False load_max=3.66 samples=19
            - RSP 1809063632 confirmed via SDRTrunk logs

  OVERALL: FAIL
  (audio quality + P25 voice intelligibility are NOT machine-judged — spot-listen to /ANALOG.mp3, /ANALOG_GROUND.mp3, /DIGITAL.mp3.)
======================================================

----- 8< ----- PASTE THIS BACK ----- 8< -----
soak-c revision4.1 20260709T005552Z dur=554s overall=FAIL
RSP_SERIAL_CONFIRM=CONFIRMED via SDRTrunk logs
DIGITAL=FAIL | decode_total=229 early=229 late=229 lease_drops=0 0x6bed=0 apisvc_err=0 dig_mount_miss=19
AIRBAND=FAIL | lease_drops=0 mount_miss=19 audio_classes=['unknown', 'unknown', 'unknown', 'unknown', 'unknown'] mean_dbfs_avg=None
GROUND=FAIL | lease_drops=0 mount_miss=19 audio_classes=['unknown', 'unknown', 'unknown', 'unknown', 'unknown'] mean_dbfs_avg=None
GENERAL=PASS | respawns=0 bad_exits=0 broker_denied=0 throttled=False load_max=3.66 samples=19
note[digital]: broker never showed a lease on RSP 1809063632
note[digital]: /DIGITAL.mp3 missing in 19/19 samples
note[digital]: RSP lease absent in 19/19 samples
note[digital]: decode activity present but not clearly growing in the second half — confirm it's still locked
note[airband]: broker never showed a lease on RTL 83241970
note[airband]: /ANALOG.mp3 missing in 19/19 samples
note[airband]: chirp metrics unavailable (9101) — mount liveness judged from icecast + audio only
note[ground]: broker never showed a lease on RTL 61108285
note[ground]: /ANALOG_GROUND.mp3 missing in 19/19 samples
note[ground]: chirp metrics unavailable (9102) — mount liveness judged from icecast + audio only
note[general]: RSP 1809063632 confirmed via SDRTrunk logs
----- 8< ----------------------------------- 8< -----
